Archive member included to satisfy reference by file (symbol)

/usr/lib/gcc/avr/10.3.0/avr25/tiny-stack/libgcc.a(_exit.o)
                              /usr/lib/gcc/avr/10.3.0/../../../../avr/lib/avr25/tiny-stack/crtattiny2313.o (exit)
/usr/lib/gcc/avr/10.3.0/../../../../avr/lib/avr25/tiny-stack/libc.a(atoi.o)
                              main.o (atoi)
/usr/lib/gcc/avr/10.3.0/../../../../avr/lib/avr25/tiny-stack/libc.a(itoa_ncheck.o)
                              main.o (__itoa_ncheck)
/usr/lib/gcc/avr/10.3.0/../../../../avr/lib/avr25/tiny-stack/libc.a(mul10.o)
                              /usr/lib/gcc/avr/10.3.0/../../../../avr/lib/avr25/tiny-stack/libc.a(atoi.o) (__mulhi_const_10)
/usr/lib/gcc/avr/10.3.0/../../../../avr/lib/avr25/tiny-stack/libc.a(utoa_ncheck.o)
                              /usr/lib/gcc/avr/10.3.0/../../../../avr/lib/avr25/tiny-stack/libc.a(itoa_ncheck.o) (__utoa_common)
/usr/lib/gcc/avr/10.3.0/../../../../avr/lib/avr25/tiny-stack/libc.a(strrev.o)
                              /usr/lib/gcc/avr/10.3.0/../../../../avr/lib/avr25/tiny-stack/libc.a(utoa_ncheck.o) (strrev)

Memory Configuration

Name             Origin             Length             Attributes
text             0x0000000000000000 0x0000000000002000 xr
data             0x0000000000800060 0x000000000000ffa0 rw !x
eeprom           0x0000000000810000 0x0000000000010000 rw !x
fuse             0x0000000000820000 0x0000000000000400 rw !x
lock             0x0000000000830000 0x0000000000000400 rw !x
signature        0x0000000000840000 0x0000000000000400 rw !x
user_signatures  0x0000000000850000 0x0000000000000400 rw !x
*default*        0x0000000000000000 0xffffffffffffffff

Linker script and memory map

LOAD /usr/lib/gcc/avr/10.3.0/../../../../avr/lib/avr25/tiny-stack/crtattiny2313.o
LOAD main.o
LOAD /usr/lib/gcc/avr/10.3.0/../../../../avr/lib/avr25/tiny-stack/libm.a
START GROUP
LOAD /usr/lib/gcc/avr/10.3.0/avr25/tiny-stack/libgcc.a
LOAD /usr/lib/gcc/avr/10.3.0/../../../../avr/lib/avr25/tiny-stack/libm.a
LOAD /usr/lib/gcc/avr/10.3.0/../../../../avr/lib/avr25/tiny-stack/libc.a
LOAD /usr/lib/gcc/avr/10.3.0/../../../../avr/lib/avr25/tiny-stack/libattiny2313.a
END GROUP
                0x0000000000002000                __TEXT_REGION_LENGTH__ = DEFINED (__TEXT_REGION_LENGTH__)?__TEXT_REGION_LENGTH__:0x2000
                0x000000000000ffa0                __DATA_REGION_LENGTH__ = DEFINED (__DATA_REGION_LENGTH__)?__DATA_REGION_LENGTH__:0xffa0
                0x0000000000010000                __EEPROM_REGION_LENGTH__ = DEFINED (__EEPROM_REGION_LENGTH__)?__EEPROM_REGION_LENGTH__:0x10000
                0x0000000000000400                __FUSE_REGION_LENGTH__ = DEFINED (__FUSE_REGION_LENGTH__)?__FUSE_REGION_LENGTH__:0x400
                0x0000000000000400                __LOCK_REGION_LENGTH__ = DEFINED (__LOCK_REGION_LENGTH__)?__LOCK_REGION_LENGTH__:0x400
                0x0000000000000400                __SIGNATURE_REGION_LENGTH__ = DEFINED (__SIGNATURE_REGION_LENGTH__)?__SIGNATURE_REGION_LENGTH__:0x400
                0x0000000000000400                __USER_SIGNATURE_REGION_LENGTH__ = DEFINED (__USER_SIGNATURE_REGION_LENGTH__)?__USER_SIGNATURE_REGION_LENGTH__:0x400

.hash
 *(.hash)

.dynsym
 *(.dynsym)

.dynstr
 *(.dynstr)

.gnu.version
 *(.gnu.version)

.gnu.version_d
 *(.gnu.version_d)

.gnu.version_r
 *(.gnu.version_r)

.rel.init
 *(.rel.init)

.rela.init
 *(.rela.init)

.rel.text
 *(.rel.text)
 *(.rel.text.*)
 *(.rel.gnu.linkonce.t*)

.rela.text
 *(.rela.text)
 *(.rela.text.*)
 *(.rela.gnu.linkonce.t*)

.rel.fini
 *(.rel.fini)

.rela.fini
 *(.rela.fini)

.rel.rodata
 *(.rel.rodata)
 *(.rel.rodata.*)
 *(.rel.gnu.linkonce.r*)

.rela.rodata
 *(.rela.rodata)
 *(.rela.rodata.*)
 *(.rela.gnu.linkonce.r*)

.rel.data
 *(.rel.data)
 *(.rel.data.*)
 *(.rel.gnu.linkonce.d*)

.rela.data
 *(.rela.data)
 *(.rela.data.*)
 *(.rela.gnu.linkonce.d*)

.rel.ctors
 *(.rel.ctors)

.rela.ctors
 *(.rela.ctors)

.rel.dtors
 *(.rel.dtors)

.rela.dtors
 *(.rela.dtors)

.rel.got
 *(.rel.got)

.rela.got
 *(.rela.got)

.rel.bss
 *(.rel.bss)

.rela.bss
 *(.rela.bss)

.rel.plt
 *(.rel.plt)

.rela.plt
 *(.rela.plt)

.text           0x0000000000000000      0x390
 *(.vectors)
 .vectors       0x0000000000000000       0x26 /usr/lib/gcc/avr/10.3.0/../../../../avr/lib/avr25/tiny-stack/crtattiny2313.o
                0x0000000000000000                __vectors
                0x0000000000000000                __vector_default
 *(.vectors)
 *(.progmem.gcc*)
                0x0000000000000026                . = ALIGN (0x2)
                0x0000000000000026                __trampolines_start = .
 *(.trampolines)
 .trampolines   0x0000000000000026        0x0 linker stubs
 *(.trampolines*)
                0x0000000000000026                __trampolines_end = .
 *libprintf_flt.a:*(.progmem.data)
 *libc.a:*(.progmem.data)
 *(.progmem.*)
                0x0000000000000026                . = ALIGN (0x2)
 *(.lowtext)
 *(.lowtext*)
                0x0000000000000026                __ctors_start = .
 *(.ctors)
                0x0000000000000026                __ctors_end = .
                0x0000000000000026                __dtors_start = .
 *(.dtors)
                0x0000000000000026                __dtors_end = .
 SORT_BY_NAME(*)(.ctors)
 SORT_BY_NAME(*)(.dtors)
 *(.init0)
 .init0         0x0000000000000026        0x0 /usr/lib/gcc/avr/10.3.0/../../../../avr/lib/avr25/tiny-stack/crtattiny2313.o
                0x0000000000000026                __init
 *(.init0)
 *(.init1)
 *(.init1)
 *(.init2)
 .init2         0x0000000000000026        0x8 /usr/lib/gcc/avr/10.3.0/../../../../avr/lib/avr25/tiny-stack/crtattiny2313.o
 *(.init2)
 *(.init3)
 *(.init3)
 *(.init4)
 *(.init4)
 *(.init5)
 *(.init5)
 *(.init6)
 *(.init6)
 *(.init7)
 *(.init7)
 *(.init8)
 *(.init8)
 *(.init9)
 .init9         0x000000000000002e        0x4 /usr/lib/gcc/avr/10.3.0/../../../../avr/lib/avr25/tiny-stack/crtattiny2313.o
 *(.init9)
 *(.text)
 .text          0x0000000000000032        0x2 /usr/lib/gcc/avr/10.3.0/../../../../avr/lib/avr25/tiny-stack/crtattiny2313.o
                0x0000000000000032                __vector_1
                0x0000000000000032                __vector_12
                0x0000000000000032                __bad_interrupt
                0x0000000000000032                __vector_6
                0x0000000000000032                __vector_3
                0x0000000000000032                __vector_11
                0x0000000000000032                __vector_13
                0x0000000000000032                __vector_17
                0x0000000000000032                __vector_7
                0x0000000000000032                __vector_5
                0x0000000000000032                __vector_4
                0x0000000000000032                __vector_9
                0x0000000000000032                __vector_2
                0x0000000000000032                __vector_15
                0x0000000000000032                __vector_8
                0x0000000000000032                __vector_14
                0x0000000000000032                __vector_10
                0x0000000000000032                __vector_16
                0x0000000000000032                __vector_18
 .text          0x0000000000000034      0x1cc main.o
                0x0000000000000034                uart_receive
                0x000000000000003c                uart_transmit
                0x0000000000000044                read_ana_comp
                0x000000000000004e                setpwm
                0x00000000000000ba                rwpin
                0x000000000000017c                outstr
                0x000000000000019e                instr
 .text          0x0000000000000200        0x0 /usr/lib/gcc/avr/10.3.0/avr25/tiny-stack/libgcc.a(_exit.o)
 .text          0x0000000000000200        0x0 /usr/lib/gcc/avr/10.3.0/../../../../avr/lib/avr25/tiny-stack/libc.a(atoi.o)
 .text          0x0000000000000200        0x0 /usr/lib/gcc/avr/10.3.0/../../../../avr/lib/avr25/tiny-stack/libc.a(itoa_ncheck.o)
 .text          0x0000000000000200        0x0 /usr/lib/gcc/avr/10.3.0/../../../../avr/lib/avr25/tiny-stack/libc.a(mul10.o)
 .text          0x0000000000000200        0x0 /usr/lib/gcc/avr/10.3.0/../../../../avr/lib/avr25/tiny-stack/libc.a(utoa_ncheck.o)
 .text          0x0000000000000200        0x0 /usr/lib/gcc/avr/10.3.0/../../../../avr/lib/avr25/tiny-stack/libc.a(strrev.o)
                0x0000000000000200                . = ALIGN (0x2)
 *(.text.*)
 .text.startup  0x0000000000000200       0xb0 main.o
                0x0000000000000200                main
 .text.libgcc.mul
                0x00000000000002b0        0x0 /usr/lib/gcc/avr/10.3.0/avr25/tiny-stack/libgcc.a(_exit.o)
 .text.libgcc.div
                0x00000000000002b0        0x0 /usr/lib/gcc/avr/10.3.0/avr25/tiny-stack/libgcc.a(_exit.o)
 .text.libgcc   0x00000000000002b0        0x0 /usr/lib/gcc/avr/10.3.0/avr25/tiny-stack/libgcc.a(_exit.o)
 .text.libgcc.prologue
                0x00000000000002b0        0x0 /usr/lib/gcc/avr/10.3.0/avr25/tiny-stack/libgcc.a(_exit.o)
 .text.libgcc.builtins
                0x00000000000002b0        0x0 /usr/lib/gcc/avr/10.3.0/avr25/tiny-stack/libgcc.a(_exit.o)
 .text.libgcc.fmul
                0x00000000000002b0        0x0 /usr/lib/gcc/avr/10.3.0/avr25/tiny-stack/libgcc.a(_exit.o)
 .text.libgcc.fixed
                0x00000000000002b0        0x0 /usr/lib/gcc/avr/10.3.0/avr25/tiny-stack/libgcc.a(_exit.o)
 .text.avr-libc
                0x00000000000002b0       0x3a /usr/lib/gcc/avr/10.3.0/../../../../avr/lib/avr25/tiny-stack/libc.a(atoi.o)
                0x00000000000002b0                atoi
 .text.avr-libc
                0x00000000000002ea       0x14 /usr/lib/gcc/avr/10.3.0/../../../../avr/lib/avr25/tiny-stack/libc.a(itoa_ncheck.o)
                0x00000000000002ea                __itoa_ncheck
 .text.avr-libc
                0x00000000000002fe       0x14 /usr/lib/gcc/avr/10.3.0/../../../../avr/lib/avr25/tiny-stack/libc.a(mul10.o)
                0x00000000000002fe                __mulhi_const_10
 .text.avr-libc
                0x0000000000000312       0x32 /usr/lib/gcc/avr/10.3.0/../../../../avr/lib/avr25/tiny-stack/libc.a(utoa_ncheck.o)
                0x0000000000000312                __utoa_ncheck
                0x0000000000000314                __utoa_common
 .text.avr-libc
                0x0000000000000344       0x20 /usr/lib/gcc/avr/10.3.0/../../../../avr/lib/avr25/tiny-stack/libc.a(strrev.o)
                0x0000000000000344                strrev
                0x0000000000000364                . = ALIGN (0x2)
 *(.fini9)
 .fini9         0x0000000000000364        0x0 /usr/lib/gcc/avr/10.3.0/avr25/tiny-stack/libgcc.a(_exit.o)
                0x0000000000000364                exit
                0x0000000000000364                _exit
 *(.fini9)
 *(.fini8)
 *(.fini8)
 *(.fini7)
 *(.fini7)
 *(.fini6)
 *(.fini6)
 *(.fini5)
 *(.fini5)
 *(.fini4)
 *(.fini4)
 *(.fini3)
 *(.fini3)
 *(.fini2)
 *(.fini2)
 *(.fini1)
 *(.fini1)
 *(.fini0)
 .fini0         0x0000000000000364        0x4 /usr/lib/gcc/avr/10.3.0/avr25/tiny-stack/libgcc.a(_exit.o)
 *(.fini0)
 *(.hightext)
 *(.hightext*)
 *(.progmemx.*)
                0x0000000000000368                . = ALIGN (0x2)
 *(.jumptables)
 *(.jumptables*)
 .jumptables.gcc.main
                0x0000000000000368       0x28 main.o
                0x0000000000000390                _etext = .

.data           0x0000000000800060        0x0 load address 0x0000000000000390
                [!provide]                        PROVIDE (__data_start = .)
 *(.data)
 .data          0x0000000000800060        0x0 /usr/lib/gcc/avr/10.3.0/../../../../avr/lib/avr25/tiny-stack/crtattiny2313.o
 .data          0x0000000000800060        0x0 main.o
 .data          0x0000000000800060        0x0 /usr/lib/gcc/avr/10.3.0/avr25/tiny-stack/libgcc.a(_exit.o)
 .data          0x0000000000800060        0x0 /usr/lib/gcc/avr/10.3.0/../../../../avr/lib/avr25/tiny-stack/libc.a(atoi.o)
 .data          0x0000000000800060        0x0 /usr/lib/gcc/avr/10.3.0/../../../../avr/lib/avr25/tiny-stack/libc.a(itoa_ncheck.o)
 .data          0x0000000000800060        0x0 /usr/lib/gcc/avr/10.3.0/../../../../avr/lib/avr25/tiny-stack/libc.a(mul10.o)
 .data          0x0000000000800060        0x0 /usr/lib/gcc/avr/10.3.0/../../../../avr/lib/avr25/tiny-stack/libc.a(utoa_ncheck.o)
 .data          0x0000000000800060        0x0 /usr/lib/gcc/avr/10.3.0/../../../../avr/lib/avr25/tiny-stack/libc.a(strrev.o)
 *(.data*)
 *(.gnu.linkonce.d*)
 *(.rodata)
 *(.rodata*)
 *(.gnu.linkonce.r*)
                0x0000000000800060                . = ALIGN (0x2)
                0x0000000000800060                _edata = .
                [!provide]                        PROVIDE (__data_end = .)

.bss            0x0000000000800060        0x0
                [!provide]                        PROVIDE (__bss_start = .)
 *(.bss)
 .bss           0x0000000000800060        0x0 /usr/lib/gcc/avr/10.3.0/../../../../avr/lib/avr25/tiny-stack/crtattiny2313.o
 .bss           0x0000000000800060        0x0 main.o
 .bss           0x0000000000800060        0x0 /usr/lib/gcc/avr/10.3.0/avr25/tiny-stack/libgcc.a(_exit.o)
 .bss           0x0000000000800060        0x0 /usr/lib/gcc/avr/10.3.0/../../../../avr/lib/avr25/tiny-stack/libc.a(atoi.o)
 .bss           0x0000000000800060        0x0 /usr/lib/gcc/avr/10.3.0/../../../../avr/lib/avr25/tiny-stack/libc.a(itoa_ncheck.o)
 .bss           0x0000000000800060        0x0 /usr/lib/gcc/avr/10.3.0/../../../../avr/lib/avr25/tiny-stack/libc.a(mul10.o)
 .bss           0x0000000000800060        0x0 /usr/lib/gcc/avr/10.3.0/../../../../avr/lib/avr25/tiny-stack/libc.a(utoa_ncheck.o)
 .bss           0x0000000000800060        0x0 /usr/lib/gcc/avr/10.3.0/../../../../avr/lib/avr25/tiny-stack/libc.a(strrev.o)
 *(.bss*)
 *(COMMON)
                [!provide]                        PROVIDE (__bss_end = .)
                0x0000000000000390                __data_load_start = LOADADDR (.data)
                0x0000000000000390                __data_load_end = (__data_load_start + SIZEOF (.data))

.noinit         0x0000000000800060        0x0
                [!provide]                        PROVIDE (__noinit_start = .)
 *(.noinit .noinit.* .gnu.linkonce.n.*)
                [!provide]                        PROVIDE (__noinit_end = .)
                0x0000000000800060                _end = .
                [!provide]                        PROVIDE (__heap_start = .)

.eeprom         0x0000000000810000        0x0
 *(.eeprom*)
                0x0000000000810000                __eeprom_end = .

.fuse
 *(.fuse)
 *(.lfuse)
 *(.hfuse)
 *(.efuse)

.lock
 *(.lock*)

.signature
 *(.signature*)

.stab
 *(.stab)

.stabstr
 *(.stabstr)

.stab.excl
 *(.stab.excl)

.stab.exclstr
 *(.stab.exclstr)

.stab.index
 *(.stab.index)

.stab.indexstr
 *(.stab.indexstr)

.comment        0x0000000000000000       0x12
 *(.comment)
 .comment       0x0000000000000000       0x12 main.o
                                         0x13 (size before relaxing)

.note.gnu.avr.deviceinfo
                0x0000000000000000       0x40
 .note.gnu.avr.deviceinfo
                0x0000000000000000       0x40 /usr/lib/gcc/avr/10.3.0/../../../../avr/lib/avr25/tiny-stack/crtattiny2313.o

.avr.prop       0x0000000000000000       0x16
 .avr.prop      0x0000000000000000       0x16 main.o

.note.gnu.build-id
 *(.note.gnu.build-id)

.debug
 *(.debug)

.line
 *(.line)

.debug_srcinfo
 *(.debug_srcinfo)

.debug_sfnames
 *(.debug_sfnames)

.debug_aranges  0x0000000000000000       0x28
 *(.debug_aranges)
 .debug_aranges
                0x0000000000000000       0x28 main.o

.debug_pubnames
 *(.debug_pubnames)

.debug_info     0x0000000000000000      0x98e
 *(.debug_info .gnu.linkonce.wi.*)
 .debug_info    0x0000000000000000      0x40e /usr/lib/gcc/avr/10.3.0/../../../../avr/lib/avr25/tiny-stack/crtattiny2313.o
 .debug_info    0x000000000000040e      0x580 main.o

.debug_abbrev   0x0000000000000000      0x68a
 *(.debug_abbrev)
 .debug_abbrev  0x0000000000000000      0x3d7 /usr/lib/gcc/avr/10.3.0/../../../../avr/lib/avr25/tiny-stack/crtattiny2313.o
 .debug_abbrev  0x00000000000003d7      0x2b3 main.o

.debug_line     0x0000000000000000      0x7d7
 *(.debug_line .debug_line.* .debug_line_end)
 .debug_line    0x0000000000000000       0x1d /usr/lib/gcc/avr/10.3.0/../../../../avr/lib/avr25/tiny-stack/crtattiny2313.o
 .debug_line    0x000000000000001d      0x7ba main.o

.debug_frame    0x0000000000000000       0xf0
 *(.debug_frame)
 .debug_frame   0x0000000000000000       0xf0 main.o

.debug_str      0x0000000000000000      0x321
 *(.debug_str)
 .debug_str     0x0000000000000000      0x163 /usr/lib/gcc/avr/10.3.0/../../../../avr/lib/avr25/tiny-stack/crtattiny2313.o
 .debug_str     0x0000000000000163      0x1be main.o
                                        0x1fc (size before relaxing)

.debug_loc      0x0000000000000000      0x831
 *(.debug_loc)
 .debug_loc     0x0000000000000000      0x831 main.o

.debug_macinfo
 *(.debug_macinfo)

.debug_weaknames
 *(.debug_weaknames)

.debug_funcnames
 *(.debug_funcnames)

.debug_typenames
 *(.debug_typenames)

.debug_varnames
 *(.debug_varnames)

.debug_pubtypes
 *(.debug_pubtypes)

.debug_ranges   0x0000000000000000       0x68
 *(.debug_ranges)
 .debug_ranges  0x0000000000000000       0x68 main.o

.debug_addr
 *(.debug_addr)

.debug_line_str
 *(.debug_line_str)

.debug_loclists
 *(.debug_loclists)

.debug_macro
 *(.debug_macro)

.debug_names
 *(.debug_names)

.debug_rnglists
 *(.debug_rnglists)

.debug_str_offsets
 *(.debug_str_offsets)

.debug_sup
 *(.debug_sup)
OUTPUT(main.elf elf32-avr)
LOAD linker stubs

Cross Reference Table

Symbol                                            File
__bad_interrupt                                   /usr/lib/gcc/avr/10.3.0/../../../../avr/lib/avr25/tiny-stack/crtattiny2313.o
__heap_end                                        /usr/lib/gcc/avr/10.3.0/../../../../avr/lib/avr25/tiny-stack/crtattiny2313.o
__init                                            /usr/lib/gcc/avr/10.3.0/../../../../avr/lib/avr25/tiny-stack/crtattiny2313.o
__itoa_ncheck                                     /usr/lib/gcc/avr/10.3.0/../../../../avr/lib/avr25/tiny-stack/libc.a(itoa_ncheck.o)
                                                  main.o
__mulhi_const_10                                  /usr/lib/gcc/avr/10.3.0/../../../../avr/lib/avr25/tiny-stack/libc.a(mul10.o)
                                                  /usr/lib/gcc/avr/10.3.0/../../../../avr/lib/avr25/tiny-stack/libc.a(atoi.o)
__stack                                           /usr/lib/gcc/avr/10.3.0/../../../../avr/lib/avr25/tiny-stack/crtattiny2313.o
__utoa_common                                     /usr/lib/gcc/avr/10.3.0/../../../../avr/lib/avr25/tiny-stack/libc.a(utoa_ncheck.o)
                                                  /usr/lib/gcc/avr/10.3.0/../../../../avr/lib/avr25/tiny-stack/libc.a(itoa_ncheck.o)
__utoa_ncheck                                     /usr/lib/gcc/avr/10.3.0/../../../../avr/lib/avr25/tiny-stack/libc.a(utoa_ncheck.o)
__vector_1                                        /usr/lib/gcc/avr/10.3.0/../../../../avr/lib/avr25/tiny-stack/crtattiny2313.o
__vector_10                                       /usr/lib/gcc/avr/10.3.0/../../../../avr/lib/avr25/tiny-stack/crtattiny2313.o
__vector_11                                       /usr/lib/gcc/avr/10.3.0/../../../../avr/lib/avr25/tiny-stack/crtattiny2313.o
__vector_12                                       /usr/lib/gcc/avr/10.3.0/../../../../avr/lib/avr25/tiny-stack/crtattiny2313.o
__vector_13                                       /usr/lib/gcc/avr/10.3.0/../../../../avr/lib/avr25/tiny-stack/crtattiny2313.o
__vector_14                                       /usr/lib/gcc/avr/10.3.0/../../../../avr/lib/avr25/tiny-stack/crtattiny2313.o
__vector_15                                       /usr/lib/gcc/avr/10.3.0/../../../../avr/lib/avr25/tiny-stack/crtattiny2313.o
__vector_16                                       /usr/lib/gcc/avr/10.3.0/../../../../avr/lib/avr25/tiny-stack/crtattiny2313.o
__vector_17                                       /usr/lib/gcc/avr/10.3.0/../../../../avr/lib/avr25/tiny-stack/crtattiny2313.o
__vector_18                                       /usr/lib/gcc/avr/10.3.0/../../../../avr/lib/avr25/tiny-stack/crtattiny2313.o
__vector_2                                        /usr/lib/gcc/avr/10.3.0/../../../../avr/lib/avr25/tiny-stack/crtattiny2313.o
__vector_3                                        /usr/lib/gcc/avr/10.3.0/../../../../avr/lib/avr25/tiny-stack/crtattiny2313.o
__vector_4                                        /usr/lib/gcc/avr/10.3.0/../../../../avr/lib/avr25/tiny-stack/crtattiny2313.o
__vector_5                                        /usr/lib/gcc/avr/10.3.0/../../../../avr/lib/avr25/tiny-stack/crtattiny2313.o
__vector_6                                        /usr/lib/gcc/avr/10.3.0/../../../../avr/lib/avr25/tiny-stack/crtattiny2313.o
__vector_7                                        /usr/lib/gcc/avr/10.3.0/../../../../avr/lib/avr25/tiny-stack/crtattiny2313.o
__vector_8                                        /usr/lib/gcc/avr/10.3.0/../../../../avr/lib/avr25/tiny-stack/crtattiny2313.o
__vector_9                                        /usr/lib/gcc/avr/10.3.0/../../../../avr/lib/avr25/tiny-stack/crtattiny2313.o
__vector_default                                  /usr/lib/gcc/avr/10.3.0/../../../../avr/lib/avr25/tiny-stack/crtattiny2313.o
__vectors                                         /usr/lib/gcc/avr/10.3.0/../../../../avr/lib/avr25/tiny-stack/crtattiny2313.o
_exit                                             /usr/lib/gcc/avr/10.3.0/avr25/tiny-stack/libgcc.a(_exit.o)
atoi                                              /usr/lib/gcc/avr/10.3.0/../../../../avr/lib/avr25/tiny-stack/libc.a(atoi.o)
                                                  main.o
exit                                              /usr/lib/gcc/avr/10.3.0/avr25/tiny-stack/libgcc.a(_exit.o)
                                                  /usr/lib/gcc/avr/10.3.0/../../../../avr/lib/avr25/tiny-stack/crtattiny2313.o
instr                                             main.o
main                                              main.o
                                                  /usr/lib/gcc/avr/10.3.0/../../../../avr/lib/avr25/tiny-stack/crtattiny2313.o
outstr                                            main.o
read_ana_comp                                     main.o
rwpin                                             main.o
setpwm                                            main.o
strrev                                            /usr/lib/gcc/avr/10.3.0/../../../../avr/lib/avr25/tiny-stack/libc.a(strrev.o)
                                                  /usr/lib/gcc/avr/10.3.0/../../../../avr/lib/avr25/tiny-stack/libc.a(utoa_ncheck.o)
uart_receive                                      main.o
uart_transmit                                     main.o
